Microchip MPLAB XC8 Compiler V3.10

Linker command line:

-W-3 --edf=c:\PROGRA~1\MICROC~1\xc8\v3.10\pic\dat\20250813170317_en.msgs \
  -cn -h+D:\Hardware\MPLab\GPJ\out\GPJ\default.sym \
  --cmf=D:\Hardware\MPLab\GPJ\out\GPJ\default.cmf -z -Q16F887 \
  -oC:\Users\PC\AppData\Local\Temp\xcAsls4.0\driver_tmp_3.o \
  --defsym=__MPLAB_BUILD=1 --fixupoverflow=error -Mmem.map \
  --md=C:\Users\PC\AppData\Local\Temp\xcAsls4.0\driver_tmp_0.dat -E1 \
  -ver=XC8 Compiler -ACODE=00h-07FFhx4 -ASTRCODE=00h-01FFFh \
  -ASTRING=00h-0FFhx32 -ACONST=00h-0FFhx32 -AENTRY=00h-0FFhx32 \
  -ACOMMON=070h-07Fh -ABANK0=020h-06Fh -ABANK1=0A0h-0EFh \
  -ABANK2=0110h-016Fh -ABANK3=0190h-01EFh \
  -ARAM=020h-06Fh,0A0h-0EFh,0110h-016Fh,0190h-01EFh \
  -AABS1=020h-07Fh,0A0h-0EFh,0110h-016Fh,0190h-01EFh -ASFR0=00h-01Fh \
  -ASFR1=080h-09Fh -ASFR2=0100h-010Fh -ASFR3=0180h-018Fh \
  -ACONFIG=02007h-02008h -DCONFIG=2 -AIDLOC=02000h-02003h -DIDLOC=2 \
  -AEEDATA=00h-0FFh/02100h -peeprom_data=EEDATA -DEEDATA=2 -DCODE=2 \
  -DSTRCODE=2 -DSTRING=2 -DCONST=2 -DENTRY=2 \
  -preset_vec=00h,intentry=04h,sivt,init,end_init -ppowerup=CODE \
  -pcinit=CODE -pfunctab=ENTRY -k \
  C:\Users\PC\AppData\Local\Temp\xcAsls4.0\driver_tmp_13.o \
  D:\Hardware\MPLab\GPJ\out\GPJ\default.o 

Object code version is 3.11

Machine type is 16F887



                Name                               Link     Load   Length Selector   Space Scale
C:\Users\PC\AppData\Local\Temp\xcAsls4.0\driver_tmp_13.o
                end_init                             10       10        3        8       0
                reset_vec                             0        0        3        0       0
                config                             2007     2007        2        0       4
D:\Hardware\MPLab\GPJ\out\GPJ\default.o
                cinit                                13       13       2A        8       0
                intentry                              4        4        C        8       0
                config                             2007     2007        2        0       4
                text44                              4BB      4BB       90        8       0
                text43                              C5B      C5B        9     18B6       0
                text42                              CAD      CAD       14     195A       0
                text41                              D50      D50       1E     1AA0       0
                text40                              663      663       65        8       0
                text39                              75F      75F       59      EBE       0
                text38                              C53      C53        8     18A6       0
                text37                              428      428       93        8       0
                text36                              12A      12A       E8        8       0
                text35                              7B8      7B8       40      EBE       0
                text34                              E20      E20       28     1C40       0
                text33                              E48      E48       28     1C90       0
                text32                              E70      E70       28     1CE0       0
                text31                              EEB      EEB       30     1DD6       0
                text30                              E98      E98       29     1D30       0
                text29                              CC1      CC1       16     1982       0
                text28                              FB7      FB7       49     1F6E       0
                text27                              C6E      C6E        B     18DC       0
                text26                              F1B      F1B       31     1E36       0
                text25                              C89      C89       11     1912       0
                text24                              C79      C79       10     18F2       0
                text23                              6FA      6FA        6        8       0
                text22                              5DA      5DA       89        8       0
                text21                              F4C      F4C       32     1E98       0
                text20                              DF9      DF9       27     1BF2       0
                text19                              CED      CED       17     19DA       0
                text18                              DD4      DD4       25     1BA8       0
                text17                              D04      D04       17     1A08       0
                text16                              F7E      F7E       39     1EFC       0
                text15                              D6E      D6E       20     1ADC       0
                text14                              6C8      6C8       32        8       0
                text13                              38C      38C       9C        8       0
                text12                              EC1      EC1       2A     1D82       0
                text11                              D33      D33       1D     1A66       0
                text10                              C64      C64        A     18C8       0
                text9                               D1B      D1B       18     1A36       0
                text8                               C9A      C9A       13     1934       0
                text7                               C52      C52        1     18A4       0
                text6                               2EC      2EC       A0        8       0
                text5                                3D       3D       ED        8       0
                text4                               D8E      D8E       23     1B1C       0
                text3                               DB1      DB1       23     1B62       0
                text2                               CD7      CD7       16     19AE       0
                text1                               54B      54B       8F        8       0
                maintext                            212      212       DA        8       0
                cstackBANK0                          20       20       4C       20       1
                cstackCOMMON                         76       76        6       70       1
                cstackBANK1                          A0       A0       28       A0       1
                clrtext                             7F8      7F8        8      EBE       0
                bssBANK3                            190      190       20      190       1
                dataBANK1                            E9       E9        1       A0       1
                bssBANK1                             C8       C8       21       A0       1
                bssBANK0                             6C       6C        4       20       1
                bssCOMMON                            70       70        6       70       1
                strings                             700      700       5F      E00       0
                idataBANK1                            3        3        1        0       0

TOTAL           Name                               Link     Load   Length     Space
        CLASS   CODE           
                end_init                             10       10        3         0
                cinit                                13       13       2A         0
                intentry                              4        4        C         0
                reset_vec                             0        0        3         0
                text44                              4BB      4BB       90         0
                text43                              C5B      C5B        9         0
                text42                              CAD      CAD       14         0
                text41                              D50      D50       1E         0
                text40                              663      663       65         0
                text39                              75F      75F       59         0
                text38                              C53      C53        8         0
                text37                              428      428       93         0
                text36                              12A      12A       E8         0
                text35                              7B8      7B8       40         0
                text34                              E20      E20       28         0
                text33                              E48      E48       28         0
                text32                              E70      E70       28         0
                text31                              EEB      EEB       30         0
                text30                              E98      E98       29         0
                text29                              CC1      CC1       16         0
                text28                              FB7      FB7       49         0
                text27                              C6E      C6E        B         0
                text26                              F1B      F1B       31         0
                text25                              C89      C89       11         0
                text24                              C79      C79       10         0
                text23                              6FA      6FA        6         0
                text22                              5DA      5DA       89         0
                text21                              F4C      F4C       32         0
                text20                              DF9      DF9       27         0
                text19                              CED      CED       17         0
                text18                              DD4      DD4       25         0
                text17                              D04      D04       17         0
                text16                              F7E      F7E       39         0
                text15                              D6E      D6E       20         0
                text14                              6C8      6C8       32         0
                text13                              38C      38C       9C         0
                text12                              EC1      EC1       2A         0
                text11                              D33      D33       1D         0
                text10                              C64      C64        A         0
                text9                               D1B      D1B       18         0
                text8                               C9A      C9A       13         0
                text7                               C52      C52        1         0
                text6                               2EC      2EC       A0         0
                text5                                3D       3D       ED         0
                text4                               D8E      D8E       23         0
                text3                               DB1      DB1       23         0
                text2                               CD7      CD7       16         0
                text1                               54B      54B       8F         0
                maintext                            212      212       DA         0
                clrtext                             7F8      7F8        8         0
                idataBANK1                            3        3        1         0

        CLASS   STRCODE        

        CLASS   STRING         
                strings                             700      700       5F         0

        CLASS   CONST          

        CLASS   ENTRY          

        CLASS   COMMON         
                cstackCOMMON                         76       76        6         1
                bssCOMMON                            70       70        6         1

        CLASS   BANK0          
                cstackBANK0                          20       20       4C         1
                bssBANK0                             6C       6C        4         1

        CLASS   BANK1          
                cstackBANK1                          A0       A0       28         1
                dataBANK1                            E9       E9        1         1
                bssBANK1                             C8       C8       21         1

        CLASS   BANK2          

        CLASS   BANK3          
                bssBANK3                            190      190       20         1

        CLASS   RAM            

        CLASS   ABS1           
                abs_s1                               7E       7E        2         1

        CLASS   SFR0           

        CLASS   SFR1           

        CLASS   SFR2           

        CLASS   SFR3           

        CLASS   CONFIG         
                config                             2007     2007        2         4

        CLASS   IDLOC          

        CLASS   EEDATA         

        CLASS   HEAP           

        CLASS   STACK          



SEGMENTS        Name                           Load    Length   Top    Selector   Space  Class     Delta

                reset_vec                      000000  000004  000004         0       0  CODE        2
                intentry                       000004  0006FC  000700         8       0  CODE        2
                cstackBANK0                    000020  000050  000070        20       1  BANK0       1
                bssCOMMON                      000070  00000C  00007C        70       1  COMMON      1
                cstackBANK1                    0000A0  00004A  0000EA        A0       1  BANK1       1
                bssBANK3                       000190  000020  0001B0       190       1  BANK3       1
                strings                        000700  00005F  00075F       E00       0  STRING      2
                text39                         00075F  0000A1  000800       EBE       0  CODE        2
                text7                          000C52  000001  000C53      18A4       0  CODE        2
                text38                         000C53  000008  000C5B      18A6       0  CODE        2
                text43                         000C5B  000009  000C64      18B6       0  CODE        2
                text10                         000C64  00000A  000C6E      18C8       0  CODE        2
                text27                         000C6E  00000B  000C79      18DC       0  CODE        2
                text24                         000C79  000010  000C89      18F2       0  CODE        2
                text25                         000C89  000011  000C9A      1912       0  CODE        2
                text8                          000C9A  000013  000CAD      1934       0  CODE        2
                text42                         000CAD  000014  000CC1      195A       0  CODE        2
                text29                         000CC1  000016  000CD7      1982       0  CODE        2
                text2                          000CD7  000016  000CED      19AE       0  CODE        2
                text19                         000CED  000017  000D04      19DA       0  CODE        2
                text17                         000D04  000017  000D1B      1A08       0  CODE        2
                text9                          000D1B  000018  000D33      1A36       0  CODE        2
                text11                         000D33  00001D  000D50      1A66       0  CODE        2
                text41                         000D50  00001E  000D6E      1AA0       0  CODE        2
                text15                         000D6E  000020  000D8E      1ADC       0  CODE        2
                text4                          000D8E  000023  000DB1      1B1C       0  CODE        2
                text3                          000DB1  000023  000DD4      1B62       0  CODE        2
                text18                         000DD4  000025  000DF9      1BA8       0  CODE        2
                text20                         000DF9  000027  000E20      1BF2       0  CODE        2
                text34                         000E20  000028  000E48      1C40       0  CODE        2
                text33                         000E48  000028  000E70      1C90       0  CODE        2
                text32                         000E70  000028  000E98      1CE0       0  CODE        2
                text30                         000E98  000029  000EC1      1D30       0  CODE        2
                text12                         000EC1  00002A  000EEB      1D82       0  CODE        2
                text31                         000EEB  000030  000F1B      1DD6       0  CODE        2
                text26                         000F1B  000031  000F4C      1E36       0  CODE        2
                text21                         000F4C  000032  000F7E      1E98       0  CODE        2
                text16                         000F7E  000039  000FB7      1EFC       0  CODE        2
                text28                         000FB7  000049  001000      1F6E       0  CODE        2


UNUSED ADDRESS RANGES

        Name                Unused          Largest block    Delta
        BANK1            00EA-00EF              6           1
        BANK2            0110-016F             60           1
        BANK3            01B0-01EF             40           1
        CODE             0800-0C51            452           2
                         1000-1FFF            800
        COMMON           007C-007D              2           1
        CONST            0800-0C51            100           2
                         1000-1FFF            100
        EEDATA           2100-21FF            100           2
        ENTRY            0800-0C51            100           2
                         1000-1FFF            100
        IDLOC            2000-2003              4           2
        RAM              00EA-00EF              6           1
                         0110-016F             60
                         01B0-01EF             40
        SFR0             0000-001F             20           1
        SFR1             0080-009F             20           1
        SFR2             0100-010F             10           1
        SFR3             0180-018F             10           1
        STRCODE          0800-0C51            452           2
                         1000-1FFF           1000
        STRING           0800-0C51            100           2
                         1000-1FFF            100

                                  Symbol Table

?___awdiv                       cstackBANK0  0020
?___awmod                       cstackBANK0  0020
?_abs                           cstackBANK0  0026
?_sprintf                       cstackBANK0  003F
?_strcmp                        cstackBANK0  0020
?_strlen                        cstackBANK0  0020
?_vfprintf                      cstackBANK0  003A
Auto_Mode_Timer@countdown_road1 cstackBANK0  0039
Auto_Mode_Timer@countdown_road2 cstackBANK0  003A
Clear_Display@i                 cstackBANK0  0024
Copy_Uart_Command@dst           cstackBANK0  0020
Copy_Uart_Command@dst_size      cstackBANK0  0021
Copy_Uart_Command@i             cstackBANK0  0024
Display_Countdown@countdown_EW  cstackBANK0  002F
Display_Countdown@countdown_NS  cstackBANK0  0028
Display_Countdown@ones_EW       cstackBANK0  002E
Display_Countdown@ones_NS       cstackBANK0  002C
Display_Countdown@tens_EW       cstackBANK0  002D
Display_Countdown@tens_NS       cstackBANK0  002B
I2C_LCD_BackLight@u8BackLight   cstackBANK0  0029
I2C_LCD_FlushVal@i              cstackBANK0  0028
I2C_LCD_Init@i                  cstackBANK0  002E
I2C_LCD_Puts@sz                 cstackBANK0  002C
I2C_LCD_WriteCmd@u8Cmd          cstackBANK0  002B
I2C_LCD_Write_4bit@u8Data       cstackBANK0  0029
I2C_Write@i                     cstackBANK0  0027
I2C_Write@pu8Data               cstackBANK0  0023
I2C_Write@u8Address             cstackBANK0  0026
I2C_Write@u8Length              cstackBANK0  0024
ISR@data                        cstackCOMMON 007A
ISR@i                           cstackCOMMON 007B
ISR@rx_buffer                   bssBANK1     00C8
ISR@rx_index                    bssCOMMON    0070
LCD_Write_Chr@chr               cstackBANK0  002B
Process_Uart_Command@cmd        cstackBANK0  0026
ShiftOut_1Bit@bitVal            cstackBANK0  0020
ShiftOut_1Byte@data             cstackBANK0  0022
ShiftOut_1Byte@i                cstackBANK0  0023
UART_TxChar@data                cstackBANK0  0020
UART_TxString@str               cstackBANK0  0021
UART_TxTrafficState@buffer      cstackBANK1  00A0
_ANSEL                          (abs)        0188
_ANSELH                         (abs)        0189
_Auto_Mode_Timer                text36       012A
_Auto_Mode_Timer$62             cstackBANK0  0031
_Auto_Mode_Timer$63             cstackBANK0  0033
_Auto_Mode_Timer$64             cstackBANK0  0035
_Auto_Mode_Timer$65             cstackBANK0  0037
_BRG16                          (abs)        0C3B
_BRGH                           (abs)        04C2
_CREN                           (abs)        00C4
_Clear_Display                  text18       0DD4
_Copy_Uart_Command              text35       07B8
_Display_Countdown              text37       0428
_GIE                            (abs)        005F
_I2C_LCD_BackLight              text29       0CC1
_I2C_LCD_Clear                  text25       0C89
_I2C_LCD_FlushVal               text30       0E98
_I2C_LCD_Init                   text22       05DA
_I2C_LCD_Puts                   text20       0DF9
_I2C_LCD_WriteCmd               text26       0F1B
_I2C_LCD_Write_4bit             text28       0FB7
_I2C_Write                      text31       0EEB
_INTCONbits                     (abs)        000B
_ISR                            text44       04BB
_Interrupt_Init                 text19       0CED
_LCD_WaitBusy                   text27       0C6E
_LCD_Write_Chr                  text21       0F4C
_Manual_Mode                    text16       0F7E
_Midnight_Mode_Timer            text15       0D6E
_My_I2C_Init                    text23       06FA
_OPTION_REGbits                 (abs)        0081
_Opposite_State                 text17       0D04
_PEIE                           (abs)        005E
_PIE1bits                       (abs)        008C
_PIR1bits                       (abs)        000C
_PORTA                          (abs)        0005
_PORTB                          (abs)        0006
_PORTC                          (abs)        0007
_Process_Uart_Command           text13       038C
_RA0                            (abs)        0028
_RA1                            (abs)        0029
_RA2                            (abs)        002A
_RA3                            (abs)        002B
_RA4                            (abs)        002C
_RA5                            (abs)        002D
_RB1                            (abs)        0031
_RB2                            (abs)        0032
_RC0                            (abs)        0038
_RC1                            (abs)        0039
_RC2                            (abs)        003A
_RCIF                           (abs)        0065
_RCREG                          (abs)        001A
_RCSTAbits                      (abs)        0018
_SPBRG                          (abs)        0099
_SPEN                           (abs)        00C7
_SSPADD                         (abs)        0093
_SSPBUF                         (abs)        0013
_SSPCON                         (abs)        0014
_SSPCON2                        (abs)        0091
_SSPCON2bits                    (abs)        0091
_SSPCONbits                     (abs)        0014
_SSPSTAT                        (abs)        0094
_SYNC                           (abs)        04C4
_ShiftOut_1Bit                  text42       0CAD
_ShiftOut_1Byte                 text41       0D50
_System_Init                    text12       0EC1
_T1CON                          (abs)        0010
_TMR1                           (abs)        000E
_TRISA                          (abs)        0085
_TRISBbits                      (abs)        0086
_TRISC                          (abs)        0087
_TRISCbits                      (abs)        0087
_TRISE                          (abs)        0089
_TXEN                           (abs)        04C5
_TXIF                           (abs)        0064
_TXREG                          (abs)        0019
_UART_Init                      text11       0D33
_UART_TxChar                    text10       0C64
_UART_TxString                  text9        0D1B
_UART_TxTrafficState            text1        054B
_WPUBbits                       (abs)        0095
__H__absolute__                 __absolute__ 0000
__Habs1                         abs1         0000
__Hbank0                        bank0        0000
__Hbank1                        bank1        0000
__Hbank2                        bank2        0000
__Hbank3                        bank3        0000
__HbssBANK0                     bssBANK0     0000
__HbssBANK1                     bssBANK1     0000
__HbssBANK3                     bssBANK3     0000
__HbssCOMMON                    bssCOMMON    0000
__Hcinit                        cinit        003D
__Hclrtext                      clrtext      0000
__Hcode                         code         0000
__Hcommon                       common       0000
__Hconfig                       config       2009
__HcstackBANK0                  cstackBANK0  0000
__HcstackBANK1                  cstackBANK1  0000
__HcstackCOMMON                 cstackCOMMON 0000
__HdataBANK1                    dataBANK1    0000
__Heeprom_data                  eeprom_data  0000
__Hend_init                     end_init     0013
__Hfunctab                      functab      0000
__Hheap                         heap         0000
__HidataBANK1                   idataBANK1   0000
__Hinit                         init         0010
__Hintentry                     intentry     0010
__Hmaintext                     maintext     0000
__Hpowerup                      powerup      0000
__Hram                          ram          0000
__Hreset_vec                    reset_vec    0003
__Hsfr0                         sfr0         0000
__Hsfr1                         sfr1         0000
__Hsfr2                         sfr2         0000
__Hsfr3                         sfr3         0000
__Hsivt                         sivt         0010
__Hspace_0                      (abs)        1000
__Hspace_1                      (abs)        01B0
__Hspace_2                      (abs)        0000
__Hspace_3                      (abs)        0000
__Hspace_4                      (abs)        4010
__Hstack                        stack        0000
__Hstrings                      strings      0000
__Htext                         text         0000
__L__absolute__                 __absolute__ 0000
__Labs1                         abs1         0000
__Lbank0                        bank0        0000
__Lbank1                        bank1        0000
__Lbank2                        bank2        0000
__Lbank3                        bank3        0000
__LbssBANK0                     bssBANK0     0000
__LbssBANK1                     bssBANK1     0000
__LbssBANK3                     bssBANK3     0000
__LbssCOMMON                    bssCOMMON    0000
__Lcinit                        cinit        0013
__Lclrtext                      clrtext      0000
__Lcode                         code         0000
__Lcommon                       common       0000
__Lconfig                       config       0000
__LcstackBANK0                  cstackBANK0  0000
__LcstackBANK1                  cstackBANK1  0000
__LcstackCOMMON                 cstackCOMMON 0000
__LdataBANK1                    dataBANK1    0000
__Leeprom_data                  eeprom_data  0000
__Lend_init                     end_init     0010
__Lfunctab                      functab      0000
__Lheap                         heap         0000
__LidataBANK1                   idataBANK1   0000
__Linit                         init         0010
__Lintentry                     intentry     0004
__Lmaintext                     maintext     0000
__Lpowerup                      powerup      0000
__Lram                          ram          0000
__Lreset_vec                    reset_vec    0000
__Lsfr0                         sfr0         0000
__Lsfr1                         sfr1         0000
__Lsfr2                         sfr2         0000
__Lsfr3                         sfr3         0000
__Lsivt                         sivt         0010
__Lspace_0                      (abs)        0000
__Lspace_1                      (abs)        0000
__Lspace_2                      (abs)        0000
__Lspace_3                      (abs)        0000
__Lspace_4                      (abs)        0000
__Lstack                        stack        0000
__Lstrings                      strings      0000
__Ltext                         text         0000
__S0                            (abs)        1000
__S1                            (abs)        01B0
__S3                            (abs)        0000
___awdiv                        text40       0663
___awdiv@counter                cstackBANK0  0024
___awdiv@dividend               cstackBANK0  0022
___awdiv@divisor                cstackBANK0  0020
___awdiv@quotient               cstackBANK0  0026
___awdiv@sign                   cstackBANK0  0025
___awmod                        text39       075F
___awmod@counter                cstackBANK0  0024
___awmod@dividend               cstackBANK0  0022
___awmod@divisor                cstackBANK0  0020
___awmod@sign                   cstackBANK0  0025
___heap_hi                      (abs)        0000
___heap_lo                      (abs)        0000
___int_sp                       stack        0000
___int_stack_hi                 stack        0000
___int_stack_lo                 stack        0000
___latbits                      (abs)        0002
___sp                           stack        0000
___stack_hi                     stack        0000
___stack_lo                     stack        0000
___stackhi                      (abs)        0000
___stacklo                      (abs)        0000
__end_of_Auto_Mode_Timer        text36       0212
__end_of_Clear_Display          text18       0DF9
__end_of_Copy_Uart_Command      text35       07F8
__end_of_Display_Countdown      text37       04BB
__end_of_I2C_LCD_BackLight      text29       0CD7
__end_of_I2C_LCD_Clear          text25       0C9A
__end_of_I2C_LCD_FlushVal       text30       0EC1
__end_of_I2C_LCD_Init           text22       0663
__end_of_I2C_LCD_Puts           text20       0E20
__end_of_I2C_LCD_WriteCmd       text26       0F4C
__end_of_I2C_LCD_Write_4bit     text28       1000
__end_of_I2C_Write              text31       0F1B
__end_of_ISR                    text44       054B
__end_of_Interrupt_Init         text19       0D04
__end_of_LCD_WaitBusy           text27       0C79
__end_of_LCD_Write_Chr          text21       0F7E
__end_of_Manual_Mode            text16       0FB7
__end_of_Midnight_Mode_Timer    text15       0D8E
__end_of_My_I2C_Init            text23       0700
__end_of_Opposite_State         text17       0D1B
__end_of_Process_Uart_Command   text13       0428
__end_of_ShiftOut_1Bit          text42       0CC1
__end_of_ShiftOut_1Byte         text41       0D6E
__end_of_System_Init            text12       0EEB
__end_of_UART_Init              text11       0D50
__end_of_UART_TxChar            text10       0C6E
__end_of_UART_TxString          text9        0D33
__end_of_UART_TxTrafficState    text1        05DA
__end_of___awdiv                text40       06C8
__end_of___awmod                text39       07B8
__end_of__initialization        cinit        0039
__end_of__stringtab             strings      0706
__end_of_abs                    text8        0CAD
__end_of_fputc                  text6        038C
__end_of_i2c_init               text24       0C89
__end_of_i2c_start              text34       0E48
__end_of_i2c_stop               text33       0E70
__end_of_i2c_write              text32       0E98
__end_of_led7seg_digits         strings      0710
__end_of_main                   maintext     02EC
__end_of_pulse_clk              text43       0C64
__end_of_pulse_latch            text38       0C5B
__end_of_putch                  text7        0C53
__end_of_sprintf                text3        0DD4
__end_of_strcmp                 text14       06FA
__end_of_strlen                 text2        0CED
__end_of_vfpfcnvrt              text5        012A
__end_of_vfprintf               text4        0DB1
__initialization                cinit        0013
__pbssBANK0                     bssBANK0     006C
__pbssBANK1                     bssBANK1     00C8
__pbssBANK3                     bssBANK3     0190
__pbssCOMMON                    bssCOMMON    0070
__pcstackBANK0                  cstackBANK0  0020
__pcstackBANK1                  cstackBANK1  00A0
__pcstackCOMMON                 cstackCOMMON 0076
__pdataBANK1                    dataBANK1    00E9
__pidataBANK1                   idataBANK1   0003
__pintentry                     intentry     0004
__pmaintext                     maintext     0212
__pstrings                      strings      0700
__ptext1                        text1        054B
__ptext10                       text10       0C64
__ptext11                       text11       0D33
__ptext12                       text12       0EC1
__ptext13                       text13       038C
__ptext14                       text14       06C8
__ptext15                       text15       0D6E
__ptext16                       text16       0F7E
__ptext17                       text17       0D04
__ptext18                       text18       0DD4
__ptext19                       text19       0CED
__ptext2                        text2        0CD7
__ptext20                       text20       0DF9
__ptext21                       text21       0F4C
__ptext22                       text22       05DA
__ptext23                       text23       06FA
__ptext24                       text24       0C79
__ptext25                       text25       0C89
__ptext26                       text26       0F1B
__ptext27                       text27       0C6E
__ptext28                       text28       0FB7
__ptext29                       text29       0CC1
__ptext3                        text3        0DB1
__ptext30                       text30       0E98
__ptext31                       text31       0EEB
__ptext32                       text32       0E70
__ptext33                       text33       0E48
__ptext34                       text34       0E20
__ptext35                       text35       07B8
__ptext36                       text36       012A
__ptext37                       text37       0428
__ptext38                       text38       0C53
__ptext39                       text39       075F
__ptext4                        text4        0D8E
__ptext40                       text40       0663
__ptext41                       text41       0D50
__ptext42                       text42       0CAD
__ptext43                       text43       0C5B
__ptext44                       text44       04BB
__ptext5                        text5        003D
__ptext6                        text6        02EC
__ptext7                        text7        0C52
__ptext8                        text8        0C9A
__ptext9                        text9        0D1B
__stringbase                    strings      0705
__stringtab                     strings      0700
_abs                            text8        0C9A
_countdown_EW                   bssBANK1     00E6
_countdown_NS                   bssBANK1     00E7
_dbuf                           bssBANK3     0190
_exitsign                       bssBANK0     006F
_flags                          bssBANK1     00E4
_fputc                          text6        02EC
_i2c_init                       text24       0C79
_i2c_start                      text34       0E20
_i2c_stop                       text33       0E48
_i2c_write                      text32       0E70
_last_mode                      dataBANK1    00E9
_led7seg_digits                 strings      0706
_main                           maintext     0212
_mode                           bssBANK0     006E
_prec                           bssBANK1     00E2
_pulse_clk                      text43       0C5B
_pulse_latch                    text38       0C53
_putch                          text7        0C52
_rb0_pending                    bssBANK1     00E5
_road1_flag                     bssCOMMON    0074
_road2_flag                     bssCOMMON    0073
_sprintf                        text3        0DB1
_strcmp                         text14       06C8
_strlen                         text2        0CD7
_system_state                   bssCOMMON    0075
_tick_500ms                     bssCOMMON    0072
_timer_counter                  bssBANK0     006C
_u8LCD_Buff                     bssBANK1     00D8
_u8LcdTmp                       bssBANK1     00E8
_uart_cmd_buffer                bssBANK1     00D0
_uart_cmd_ready                 bssCOMMON    0071
_vfpfcnvrt                      text5        003D
_vfprintf                       text4        0D8E
_width                          bssBANK1     00E0
abs@a                           cstackBANK0  0026
btemp                           (abs)        007E
btemp0                          (abs)        007E
btemp1                          (abs)        007F
clear_ram0                      clrtext      07F8
end_of_initialization           cinit        0039
fputc@c                         cstackBANK0  0020
fputc@fp                        cstackBANK0  0022
i2c_start@timeout               cstackBANK0  0020
i2c_stop@timeout                cstackBANK0  0020
i2c_write@timeout               cstackBANK0  0021
i2c_write@u8Data                cstackBANK0  0020
interrupt_function              intentry     0004
intlevel0                       functab      0000
intlevel1                       functab      0000
intlevel2                       functab      0000
intlevel3                       functab      0000
intlevel4                       functab      0000
intlevel5                       functab      0000
ltemp0a                         (abs)        0080
main@cmd                        cstackBANK0  0064
reset_vec                       reset_vec    0000
saved_w                         (abs)        007E
sprintf@ap                      cstackBANK0  004C
sprintf@f                       cstackBANK0  004D
sprintf@fmt                     cstackBANK0  0040
sprintf@s                       cstackBANK0  003F
start                           init         0010
start_initialization            cinit        0013
strcmp@l                        cstackBANK0  0020
strcmp@r                        cstackBANK0  0021
strlen@a                        cstackBANK0  0022
strlen@s                        cstackBANK0  0020
ttemp0a                         (abs)        007F
vfpfcnvrt@ap                    cstackBANK0  0030
vfpfcnvrt@c                     cstackBANK0  0039
vfpfcnvrt@convarg               cstackBANK0  0035
vfpfcnvrt@cp                    cstackBANK0  0034
vfpfcnvrt@done                  cstackBANK0  0033
vfpfcnvrt@fmt                   cstackBANK0  002F
vfpfcnvrt@fp                    cstackBANK0  002D
vfprintf@ap                     cstackBANK0  003D
vfprintf@cfmt                   cstackBANK0  003E
vfprintf@fmt                    cstackBANK0  003C
vfprintf@fp                     cstackBANK0  003A
wtemp0                          (abs)        007E
wtemp0a                         (abs)        007F


MODULE INFORMATION

Module		Function		Class		Link	Load	Size
c:\PROGRA~1\MICROC~1\xc8\v3.10\pic\sources\c99\common\abs.c
		_abs           		CODE           	0C9A	0000	19

c:\PROGRA~1\MICROC~1\xc8\v3.10\pic\sources\c99\common\abs.c estimated size: 19

c:\PROGRA~1\MICROC~1\xc8\v3.10\pic\sources\c99\common\strlen.c
		_strlen        		CODE           	0CD7	0000	22

c:\PROGRA~1\MICROC~1\xc8\v3.10\pic\sources\c99\common\strlen.c estimated size: 22

c:\PROGRA~1\MICROC~1\xc8\v3.10\pic\sources\c99\common\strcmp.c
		_strcmp        		CODE           	06C8	0000	50

c:\PROGRA~1\MICROC~1\xc8\v3.10\pic\sources\c99\common\strcmp.c estimated size: 50

D:\Hardware\MPLab\GPJ\drivers\uart.c
		_UART_TxString 		CODE           	0D1B	0000	24
		_UART_Init     		CODE           	0D33	0000	29
		_UART_TxTrafficState		CODE           	054B	0000	143
		_UART_TxChar   		CODE           	0C64	0000	10

D:\Hardware\MPLab\GPJ\drivers\uart.c estimated size: 206

D:\Hardware\MPLab\GPJ\apps\traffic.c
		_Clear_Display 		CODE           	0DD4	0000	37
		_Display_Countdown		CODE           	0428	0000	147
		_ShiftOut_1Bit 		CODE           	0CAD	0000	20
		_Midnight_Mode_Timer		CODE           	0D6E	0000	32
		_ShiftOut_1Byte		CODE           	0D50	0000	30
		_pulse_clk     		CODE           	0C5B	0000	9
		_Auto_Mode_Timer		CODE           	012A	0000	232
		_Opposite_State		CODE           	0D04	0000	23
		_pulse_latch   		CODE           	0C53	0000	8
		_Manual_Mode   		CODE           	0F7E	0000	57

D:\Hardware\MPLab\GPJ\apps\traffic.c estimated size: 595

c:\PROGRA~1\MICROC~1\xc8\v3.10\pic\sources\c99\common\awmod.c
		___awmod       		CODE           	075F	0000	89

c:\PROGRA~1\MICROC~1\xc8\v3.10\pic\sources\c99\common\awmod.c estimated size: 89

D:\Hardware\MPLab\GPJ\main.c
		_ISR           		CODE           	04BB	0000	144
		_main          		CODE           	0212	0000	218
		_Process_Uart_Command		CODE           	038C	0000	156
		_Interrupt_Init		CODE           	0CED	0000	23
		_System_Init   		CODE           	0EC1	0000	42
		_Copy_Uart_Command		CODE           	07B8	0000	64

D:\Hardware\MPLab\GPJ\main.c estimated size: 647

c:\PROGRA~1\MICROC~1\xc8\v3.10\pic\sources\c99\common\nf_fputc.c
		_fputc         		CODE           	02EC	0000	160

c:\PROGRA~1\MICROC~1\xc8\v3.10\pic\sources\c99\common\nf_fputc.c estimated size: 160

c:\PROGRA~1\MICROC~1\xc8\v3.10\pic\sources\c99\common\putch.c
		_putch         		CODE           	0C52	0000	1

c:\PROGRA~1\MICROC~1\xc8\v3.10\pic\sources\c99\common\putch.c estimated size: 1

D:\Hardware\MPLab\GPJ\drivers\i2c.c
		_i2c_start     		CODE           	0E20	0000	40
		_i2c_write     		CODE           	0E70	0000	40
		_i2c_stop      		CODE           	0E48	0000	40
		_i2c_init      		CODE           	0C79	0000	16

D:\Hardware\MPLab\GPJ\drivers\i2c.c estimated size: 136

c:\PROGRA~1\MICROC~1\xc8\v3.10\pic\sources\c99\common\doprnt.c
		_vfpfcnvrt     		CODE           	003D	0000	237
		_vfprintf      		CODE           	0D8E	0000	35

c:\PROGRA~1\MICROC~1\xc8\v3.10\pic\sources\c99\common\doprnt.c estimated size: 272

c:\PROGRA~1\MICROC~1\xc8\v3.10\pic\sources\c99\common\nf_sprintf.c
		_sprintf       		CODE           	0DB1	0000	35

c:\PROGRA~1\MICROC~1\xc8\v3.10\pic\sources\c99\common\nf_sprintf.c estimated size: 35

c:\PROGRA~1\MICROC~1\xc8\v3.10\pic\sources\c99\common\awdiv.c
		___awdiv       		CODE           	0663	0000	101

c:\PROGRA~1\MICROC~1\xc8\v3.10\pic\sources\c99\common\awdiv.c estimated size: 101

shared
		_led7seg_digits		STRING         	0706	0000	10
		__stringtab    		STRING         	0700	0000	6
		__initialization		CODE           	0013	0000	38

shared estimated size: 54

D:\Hardware\MPLab\GPJ\drivers\lcd.c
		_I2C_LCD_Clear 		CODE           	0C89	0000	17
		_LCD_WaitBusy  		CODE           	0C6E	0000	11
		_I2C_LCD_BackLight		CODE           	0CC1	0000	22
		_I2C_Write     		CODE           	0EEB	0000	48
		_I2C_LCD_Write_4bit		CODE           	0FB7	0000	73
		_My_I2C_Init   		CODE           	06FA	0000	6
		_I2C_LCD_WriteCmd		CODE           	0F1B	0000	49
		_I2C_LCD_Init  		CODE           	05DA	0000	137
		_I2C_LCD_Puts  		CODE           	0DF9	0000	39
		_LCD_Write_Chr 		CODE           	0F4C	0000	50
		_I2C_LCD_FlushVal		CODE           	0E98	0000	41

D:\Hardware\MPLab\GPJ\drivers\lcd.c estimated size: 493

